2017/09/10 21:02:08 [error] 7124#6724: *1 CreateFile() "E:/Project2/BP/static/asdf" failed (2: The system cannot find the file specified), client: 127.0.0.1, server: localhost, request: "GET /asdf HTTP/1.1", host: "localhost"
2017/09/10 21:02:54 [error] 7124#6724: *1 CreateFile() "E:/Project2/BP/static/project/api/project/list" failed (3: The system cannot find the path specified), client: 127.0.0.1, server: localhost, request: "GET /project/api/project/list HTTP/1.1", host: "localhost", referrer: "http://localhost/sche/"
2017/09/10 21:02:54 [error] 7124#6724: *6 CreateFile() "E:/Project2/BP/static/basis/plan/projectplan/id/query" failed (3: The system cannot find the path specified), client: 127.0.0.1, server: localhost, request: "GET /basis/plan/projectplan/id/query?projectId= HTTP/1.1", host: "localhost", referrer: "http://localhost/sche/plan/index.html?pid="
2017/09/10 21:02:54 [error] 7124#6724: *1 CreateFile() "E:/Project2/BP/static/basis/dictionaryitem/getAll" failed (3: The system cannot find the path specified), client: 127.0.0.1, server: localhost, request: "GET /basis/dictionaryitem/getAll HTTP/1.1", host: "localhost", referrer: "http://localhost/sche/plan/index.html?pid="
2017/09/10 21:47:25 [error] 7124#6724: *11 CreateFile() "E:/Project2/BP/static/announce" failed (2: The system cannot find the file specified), client: 127.0.0.1, server: localhost, request: "GET /announce?info_hash=z%3A%E7DEq%0D%07%F1%B6~MQ%F2Z%E8%DA%11b%9F&peer_id=-XL0012-r%3D%B0%B4%147%5D%E1%F3%C8%F9%20&ip=192.168.1.16&port=15000&uploaded=0&downloaded=0&left=14128286518&numwant=200&key=23707&compact=1&event=started HTTP/1.0", host: "trackeri.rarbg.com"
2017/09/10 21:47:25 [error] 7124#6724: *12 CreateFile() "E:/Project2/BP/static/announce" failed (2: The system cannot find the file specified), client: 127.0.0.1, server: localhost, request: "GET /announce?info_hash=z%3A%E7DEq%0D%07%F1%B6~MQ%F2Z%E8%DA%11b%9F&peer_id=-XL0012-r%3D%B0%B4%147%5D%E1%F3%C8%F9%20&ip=192.168.1.16&port=15000&uploaded=0&downloaded=0&left=14128286518&numwant=200&key=28603&compact=1&event=started HTTP/1.0", host: "trackeri2.rarbg.com"
2017/09/10 21:47:25 [error] 7124#6724: *13 CreateFile() "E:/Project2/BP/static/announce" failed (2: The system cannot find the file specified), client: 127.0.0.1, server: localhost, request: "GET /announce?info_hash=z%3A%E7DEq%0D%07%F1%B6~MQ%F2Z%E8%DA%11b%9F&peer_id=-XL0012-r%3D%B0%B4%147%5D%E1%F3%C8%F9%20&ip=192.168.1.16&port=15000&uploaded=0&downloaded=0&left=14128286518&numwant=200&key=23863&compact=1&event=started HTTP/1.0", host: "trackeri2.rarbg.com"
2017/09/10 21:47:25 [error] 7124#6724: *14 CreateFile() "E:/Project2/BP/static/announce" failed (2: The system cannot find the file specified), client: 127.0.0.1, server: localhost, request: "GET /announce?info_hash=z%3A%E7DEq%0D%07%F1%B6~MQ%F2Z%E8%DA%11b%9F&peer_id=-XL0012-r%3D%B0%B4%147%5D%E1%F3%C8%F9%20&ip=192.168.1.16&port=15000&uploaded=0&downloaded=0&left=14128286518&numwant=200&key=975&compact=1&event=started HTTP/1.0", host: "trackeri.rarbg.com"
2017/09/10 21:47:27 [error] 7124#6724: *15 CreateFile() "E:/Project2/BP/static/announce.php" failed (2: The system cannot find the file specified), client: 127.0.0.1, server: localhost, request: "GET /announce.php?info_hash=z%3A%E7DEq%0D%07%F1%B6~MQ%F2Z%E8%DA%11b%9F&peer_id=-XL0012-r%3D%B0%B4%147%5D%E1%F3%C8%F9%20&ip=192.168.1.16&port=15000&uploaded=0&downloaded=0&left=14128286518&numwant=200&key=25029&compact=1&event=started HTTP/1.0", host: "trackeri.rarbg.com"
2017/09/10 21:47:27 [error] 7124#6724: *16 CreateFile() "E:/Project2/BP/static/announce.php" failed (2: The system cannot find the file specified), client: 127.0.0.1, server: localhost, request: "GET /announce.php?info_hash=z%3A%E7DEq%0D%07%F1%B6~MQ%F2Z%E8%DA%11b%9F&peer_id=-XL0012-r%3D%B0%B4%147%5D%E1%F3%C8%F9%20&ip=192.168.1.16&port=15000&uploaded=0&downloaded=0&left=14128286518&numwant=200&key=26244&compact=1&event=started HTTP/1.0", host: "trackeri.rarbg.com"
2017/09/10 21:49:24 [error] 7124#6724: *17 CreateFile() "E:/Project2/BP/static/announce" failed (2: The system cannot find the file specified), client: 127.0.0.1, server: localhost, request: "GET /announce?info_hash=%93%2CS%E6%82N%17d%CDr%87Tc%EA%A0%25%AB%04%DA%BB&peer_id=-XL0012-r%3D%B0%B4%147%5D%E1%F3%C8%F9%20&ip=192.168.1.16&port=15000&uploaded=0&downloaded=0&left=7042475846&numwant=200&key=1988&compact=1&event=started HTTP/1.0", host: "beeretracker.ru"
2017/09/10 21:49:24 [error] 7124#6724: *18 CreateFile() "E:/Project2/BP/static/announce" failed (2: The system cannot find the file specified), client: 127.0.0.1, server: localhost, request: "GET /announce?info_hash=%93%2CS%E6%82N%17d%CDr%87Tc%EA%A0%25%AB%04%DA%BB&peer_id=-XL0012-r%3D%B0%B4%147%5D%E1%F3%C8%F9%20&ip=192.168.1.16&port=15000&uploaded=0&downloaded=0&left=7042475846&numwant=200&key=23404&compact=1&event=started HTTP/1.0", host: "exodus.1337x.org"
2017/09/10 21:49:24 [error] 7124#6724: *19 CreateFile() "E:/Project2/BP/static/announce" failed (2: The system cannot find the file specified), client: 127.0.0.1, server: localhost, request: "GET /announce?info_hash=%93%2CS%E6%82N%17d%CDr%87Tc%EA%A0%25%AB%04%DA%BB&peer_id=-XL0012-r%3D%B0%B4%147%5D%E1%F3%C8%F9%20&ip=192.168.1.16&port=15000&uploaded=0&downloaded=0&left=7042475846&numwant=200&key=22067&compact=1&event=started HTTP/1.0", host: "nemesis.1337x.org"
2017/09/10 21:49:24 [error] 7124#6724: *20 CreateFile() "E:/Project2/BP/static/announce" failed (2: The system cannot find the file specified), client: 127.0.0.1, server: localhost, request: "GET /announce?info_hash=%93%2CS%E6%82N%17d%CDr%87Tc%EA%A0%25%AB%04%DA%BB&peer_id=-XL0012-r%3D%B0%B4%147%5D%E1%F3%C8%F9%20&ip=192.168.1.16&port=15000&uploaded=0&downloaded=0&left=7042475846&numwant=200&key=4621&compact=1&event=started HTTP/1.0", host: "exodus.1337x.org"
2017/09/10 21:49:26 [error] 7124#6724: *21 CreateFile() "E:/Project2/BP/static/announce" failed (2: The system cannot find the file specified), client: 127.0.0.1, server: localhost, request: "GET /announce?info_hash=%93%2CS%E6%82N%17d%CDr%87Tc%EA%A0%25%AB%04%DA%BB&peer_id=-XL0012-r%3D%B0%B4%147%5D%E1%F3%C8%F9%20&ip=192.168.1.16&port=15000&uploaded=0&downloaded=0&left=7042475846&numwant=200&key=1726&compact=1&event=started HTTP/1.0", host: "beeretracker.ru"
2017/09/10 21:49:26 [error] 7124#6724: *22 CreateFile() "E:/Project2/BP/static/announce" failed (2: The system cannot find the file specified), client: 127.0.0.1, server: localhost, request: "GET /announce?info_hash=%93%2CS%E6%82N%17d%CDr%87Tc%EA%A0%25%AB%04%DA%BB&peer_id=-XL0012-r%3D%B0%B4%147%5D%E1%F3%C8%F9%20&ip=192.168.1.16&port=15000&uploaded=0&downloaded=0&left=7042475846&numwant=200&key=6867&compact=1&event=started HTTP/1.0", host: "nemesis.1337x.org"
2017/10/14 18:43:53 [notice] 4256#9636: signal process started
2017/10/14 18:43:53 [error] 4256#9636: OpenEvent("Global\ngx_quit_1876") failed (2: The system cannot find the file specified)
2017/10/14 18:44:27 [error] 9056#5820: *1 CreateFile() "E:/Project2/BP/static/favicon.ico" failed (2: The system cannot find the file specified), client: 127.0.0.1, server: localhost, request: "GET /favicon.ico HTTP/1.1", host: "localhost", referrer: "http://localhost/"
2017/10/14 18:44:32 [error] 9056#5820: *3 CreateFile() "E:/Project2/BP/static/project/api/project/list" failed (3: The system cannot find the path specified), client: 127.0.0.1, server: localhost, request: "GET /project/api/project/list HTTP/1.1", host: "localhost", referrer: "http://localhost/sche/index.html"
2017/10/14 18:44:32 [error] 9056#5820: *2 CreateFile() "E:/Project2/BP/static/basis/plan/projectplan/id/query" failed (3: The system cannot find the path specified), client: 127.0.0.1, server: localhost, request: "GET /basis/plan/projectplan/id/query?projectId= HTTP/1.1", host: "localhost", referrer: "http://localhost/sche/plan/index.html?pid="
2017/10/14 18:44:32 [error] 9056#5820: *2 CreateFile() "E:/Project2/BP/static/basis/dictionaryitem/getAll" failed (3: The system cannot find the path specified), client: 127.0.0.1, server: localhost, request: "GET /basis/dictionaryitem/getAll HTTP/1.1", host: "localhost", referrer: "http://localhost/sche/plan/index.html?pid="
2017/10/14 18:44:38 [error] 9056#5820: *2 CreateFile() "E:/Project2/BP/static/basis/plan/projectplan/id/query" failed (3: The system cannot find the path specified), client: 127.0.0.1, server: localhost, request: "GET /basis/plan/projectplan/id/query?projectId= HTTP/1.1", host: "localhost", referrer: "http://localhost/sche/plan/index.html?pid="
2017/10/14 18:44:38 [error] 9056#5820: *2 CreateFile() "E:/Project2/BP/static/basis/dictionaryitem/getAll" failed (3: The system cannot find the path specified), client: 127.0.0.1, server: localhost, request: "GET /basis/dictionaryitem/getAll HTTP/1.1", host: "localhost", referrer: "http://localhost/sche/plan/index.html?pid="
2017/10/14 18:46:54 [notice] 9680#4520: signal process started
2017/10/14 18:47:57 [error] 5540#604: *16 CreateFile() "E:\Software\nginx-1.13.0/html/favicon.ico" failed (2: The system cannot find the file specified), client: 127.0.0.1, server: www.felix.com, request: "GET /favicon.ico HTTP/1.1", host: "www.felix.com", referrer: "http://www.felix.com/"
2017/10/14 18:48:15 [error] 5540#604: *18 CreateFile() "E:\Software\nginx-1.13.0/html/favicon.ico" failed (2: The system cannot find the file specified), client: 127.0.0.1, server: www.felix.com, request: "GET /favicon.ico HTTP/1.1", host: "127.0.0.1", referrer: "http://127.0.0.1/"
2018/01/28 21:35:41 [error] 7940#4412: *1 directory index of "E:/Project7/" is forbidden, client: 127.0.0.1, server: localhost, request: "GET / HTTP/1.1", host: "localhost"
2018/01/28 21:35:41 [error] 7940#4412: *1 CreateFile() "E:/Project7/favicon.ico" failed (2: The system cannot find the file specified), client: 127.0.0.1, server: localhost, request: "GET /favicon.ico HTTP/1.1", host: "localhost", referrer: "http://localhost/"
2018/01/28 21:37:46 [notice] 7432#6460: signal process started
2018/01/28 21:37:51 [notice] 3176#7388: signal process started
2018/01/28 21:37:51 [error] 3176#7388: CreateFile() "E:\Software\nginx-1.13.0/logs/nginx.pid" failed (2: The system cannot find the file specified)
2018/01/28 21:53:40 [error] 7552#4516: *24 CreateFile() "E:/Project7/favicon.ico" failed (2: The system cannot find the file specified), client: 127.0.0.1, server: localhost, request: "GET /favicon.ico HTTP/1.1", host: "localhost"
2018/01/28 22:18:47 [error] 7552#4516: *28 CreateFile() "E:/Project7/announce" failed (2: The system cannot find the file specified), client: 127.0.0.1, server: localhost, request: "GET /announce?info_hash=%3B%8FYgh%99%9D%0A8%FD%01%93%C2%5B%3B%B1%7B%E8%CD%F8&peer_id=-XL0012-)w9%D3%04%99%91%AB%D4%89to&ip=192.168.31.202&port=15000&uploaded=0&downloaded=0&left=7616233946&numwant=200&key=9514&compact=1&event=started HTTP/1.0", host: "0123456789nonexistent.com"
2018/01/28 22:18:47 [error] 7552#4516: *29 CreateFile() "E:/Project7/announce" failed (2: The system cannot find the file specified), client: 127.0.0.1, server: localhost, request: "GET /announce?info_hash=%3B%8FYgh%99%9D%0A8%FD%01%93%C2%5B%3B%B1%7B%E8%CD%F8&peer_id=-XL0012-)w9%D3%04%99%91%AB%D4%89to&ip=192.168.31.202&port=15000&uploaded=0&downloaded=0&left=7616233946&numwant=200&key=7565&compact=1&event=started HTTP/1.0", host: "0123456789nonexistent.com"
2018/01/28 22:18:49 [error] 7552#4516: *30 CreateFile() "E:/Project7/announce" failed (2: The system cannot find the file specified), client: 127.0.0.1, server: localhost, request: "GET /announce?info_hash=%3A%D0%D0ST%DFB%A3l%B4%7F%3B%5D%E9kq%86%1AE%D5&peer_id=-XL0012-)w9%D3%04%99%91%AB%D4%89to&ip=192.168.31.202&port=15000&uploaded=0&downloaded=0&left=1974575981&numwant=200&key=7290&compact=1&event=started HTTP/1.0", host: "10.rarbg.com"
2018/01/28 22:18:52 [error] 7552#4516: *31 CreateFile() "E:/Project7/announce" failed (2: The system cannot find the file specified), client: 127.0.0.1, server: localhost, request: "GET /announce?info_hash=%3A%D0%D0ST%DFB%A3l%B4%7F%3B%5D%E9kq%86%1AE%D5&peer_id=-XL0012-)w9%D3%04%99%91%AB%D4%89to&ip=192.168.31.202&port=15000&uploaded=0&downloaded=0&left=1974575981&numwant=200&key=30405&compact=1&event=started HTTP/1.0", host: "i.bandito.org"
2018/01/28 22:18:52 [error] 7552#4516: *32 CreateFile() "E:/Project7/announce" failed (2: The system cannot find the file specified), client: 127.0.0.1, server: localhost, request: "GET /announce?info_hash=%3A%D0%D0ST%DFB%A3l%B4%7F%3B%5D%E9kq%86%1AE%D5&peer_id=-XL0012-)w9%D3%04%99%91%AB%D4%89to&ip=192.168.31.202&port=15000&uploaded=0&downloaded=0&left=1974575981&numwant=200&key=22726&compact=1&event=started HTTP/1.0", host: "tracker.publicbt.com"
2018/01/28 22:18:53 [error] 7552#4516: *33 CreateFile() "E:/Project7/announce" failed (2: The system cannot find the file specified), client: 127.0.0.1, server: localhost, request: "GET /announce?info_hash=W%CD%EFb%A01GR%E0%A3%20C%00%97%14%1C%81%8A%00%07&peer_id=-XL0012-)w9%D3%04%99%91%AB%D4%89to&ip=192.168.31.202&port=15000&uploaded=0&downloaded=0&left=21527819872&numwant=200&key=26864&compact=1&event=started HTTP/1.0", host: "i.bandito.org"
2018/01/28 22:19:03 [error] 7552#4516: *34 CreateFile() "E:/Project7/tracker/tracker.php" failed (3: The system cannot find the path specified), client: 127.0.0.1, server: localhost, request: "GET /tracker/tracker.php?info_hash=%E1!%16%3E%FB%F6%40%D8%D1v%F4%1Cn%04%C3%B4zX%A2n&peer_id=-XL0012-)w9%D3%04%99%91%AB%D4%89to&ip=192.168.31.202&port=15000&uploaded=0&downloaded=0&left=1034471473&numwant=200&key=32305&compact=1&event=started HTTP/1.0", host: "warboyopen.wagoo2.com"
2018/01/28 22:19:07 [error] 7552#4516: *35 CreateFile() "E:/Project7/announce" failed (2: The system cannot find the file specified), client: 127.0.0.1, server: localhost, request: "GET /announce?info_hash=%3B%8FYgh%99%9D%0A8%FD%01%93%C2%5B%3B%B1%7B%E8%CD%F8&peer_id=-XL0012-)w9%D3%04%99%91%AB%D4%89to&ip=192.168.31.202&port=15000&uploaded=0&downloaded=7366594426&left=249639520&numwant=200&key=26693&compact=1&event=started HTTP/1.0", host: "0123456789nonexistent.com"
2018/01/28 22:19:09 [error] 7552#4516: *36 CreateFile() "E:/Project7/announce" failed (2: The system cannot find the file specified), client: 127.0.0.1, server: localhost, request: "GET /announce?info_hash=%EE%04%0FS%E2j%B2m%1D3%02%10I%B1%A8%95%A9%D1~%9C&peer_id=-XL0012-)w9%D3%04%99%91%AB%D4%89to&ip=192.168.31.202&port=15000&uploaded=0&downloaded=0&left=24014321248&numwant=200&key=7292&compact=1&event=started HTTP/1.0", host: "i.bandito.org"
2018/01/28 22:19:14 [error] 7552#4516: *37 CreateFile() "E:/Project7/announce" failed (2: The system cannot find the file specified), client: 127.0.0.1, server: localhost, request: "GET /announce?info_hash=M%A41(%2B%C8H%9C%9A%F1!%3Dm%D0%DE%E6%F1%3D%CE%93&peer_id=-XL0012-)w9%D3%04%99%91%AB%D4%89to&ip=192.168.31.202&port=15000&uploaded=0&downloaded=0&left=3612216294&numwant=200&key=22396&compact=1&event=started HTTP/1.0", host: "10.rarbg.com"
2018/01/28 22:19:15 [error] 7552#4516: *38 CreateFile() "E:/Project7/announce" failed (2: The system cannot find the file specified), client: 127.0.0.1, server: localhost, request: "GET /announce?info_hash=M%A41(%2B%C8H%9C%9A%F1!%3Dm%D0%DE%E6%F1%3D%CE%93&peer_id=-XL0012-)w9%D3%04%99%91%AB%D4%89to&ip=192.168.31.202&port=15000&uploaded=0&downloaded=0&left=3612216294&numwant=200&key=28197&compact=1&event=started HTTP/1.0", host: "tracker.publicbt.com"
2018/01/28 22:19:16 [error] 7552#4516: *39 CreateFile() "E:/Project7/announce" failed (2: The system cannot find the file specified), client: 127.0.0.1, server: localhost, request: "GET /announce?info_hash=*%DE%EB%CEs%89%FAZ%DC8%11%DD%90%F9%BE%09%5E%A2%FD%93&peer_id=-XL0012-)w9%D3%04%99%91%AB%D4%89to&ip=192.168.31.202&port=15000&uploaded=0&downloaded=0&left=24220038752&numwant=200&key=29149&compact=1&event=started HTTP/1.0", host: "i.bandito.org"
2018/01/28 22:19:35 [error] 7552#4516: *40 CreateFile() "E:/Project7/announce" failed (2: The system cannot find the file specified), client: 127.0.0.1, server: localhost, request: "GET /announce?info_hash=M%A41(%2B%C8H%9C%9A%F1!%3Dm%D0%DE%E6%F1%3D%CE%93&peer_id=-XL0012-)w9%D3%04%99%91%AB%D4%89to&ip=192.168.31.202&port=15000&uploaded=0&downloaded=226581546&left=3385634748&numwant=200&key=7812&compact=1&event=started HTTP/1.0", host: "10.rarbg.com"
2018/01/28 22:19:45 [error] 7552#4516: *41 CreateFile() "E:/Project7/announce" failed (2: The system cannot find the file specified), client: 127.0.0.1, server: localhost, request: "GET /announce?info_hash=*%DE%EB%CEs%89%FAZ%DC8%11%DD%90%F9%BE%09%5E%A2%FD%93&peer_id=-XL0012-)w9%D3%04%99%91%AB%D4%89to&ip=192.168.31.202&port=15000&uploaded=0&downloaded=11377745948&left=12842292804&numwant=200&key=2699&compact=1&event=started HTTP/1.0", host: "i.bandito.org"
2018/01/29 23:01:04 [error] 7552#4516: *42 directory index of "E:/Project7/" is forbidden, client: 127.0.0.1, server: localhost, request: "POST / HTTP/1.1", host: "master.test.dphub.sandai.net:80"
2018/01/29 23:01:11 [error] 7552#4516: *44 CreateFile() "E:/Project7/announce" failed (2: The system cannot find the file specified), client: 127.0.0.1, server: localhost, request: "GET /announce?info_hash=%3B%8FYgh%99%9D%0A8%FD%01%93%C2%5B%3B%B1%7B%E8%CD%F8&peer_id=-XL0012-%20%91p%81%EA)%5C%3C%1A*%D9%8C&ip=192.168.31.202&port=15000&uploaded=0&downloaded=0&left=7616233946&numwant=200&key=25033&compact=1&event=started HTTP/1.0", host: "0123456789nonexistent.com"
2018/01/29 23:01:11 [error] 7552#4516: *43 CreateFile() "E:/Project7/announce" failed (2: The system cannot find the file specified), client: 127.0.0.1, server: localhost, request: "GET /announce?info_hash=%3B%8FYgh%99%9D%0A8%FD%01%93%C2%5B%3B%B1%7B%E8%CD%F8&peer_id=-XL0012-%20%91p%81%EA)%5C%3C%1A*%D9%8C&ip=192.168.31.202&port=15000&uploaded=0&downloaded=0&left=7616233946&numwant=200&key=31838&compact=1&event=started HTTP/1.0", host: "0123456789nonexistent.com"
2018/01/29 23:01:13 [error] 7552#4516: *45 CreateFile() "E:/Project7/announce" failed (2: The system cannot find the file specified), client: 127.0.0.1, server: localhost, request: "GET /announce?info_hash=%3A%D0%D0ST%DFB%A3l%B4%7F%3B%5D%E9kq%86%1AE%D5&peer_id=-XL0012-%20%91p%81%EA)%5C%3C%1A*%D9%8C&ip=192.168.31.202&port=15000&uploaded=0&downloaded=0&left=1974575981&numwant=200&key=757&compact=1&event=started HTTP/1.0", host: "10.rarbg.com"
2018/01/29 23:01:24 [error] 7552#4516: *46 CreateFile() "E:/Project7/announce" failed (2: The system cannot find the file specified), client: 127.0.0.1, server: localhost, request: "GET /announce?info_hash=W%CD%EFb%A01GR%E0%A3%20C%00%97%14%1C%81%8A%00%07&peer_id=-XL0012-%20%91p%81%EA)%5C%3C%1A*%D9%8C&ip=192.168.31.202&port=15000&uploaded=0&downloaded=0&left=21527819872&numwant=200&key=24699&compact=1&event=started HTTP/1.0", host: "i.bandito.org"
2018/01/29 23:01:24 [error] 7552#4516: *47 CreateFile() "E:/Project7/announce" failed (2: The system cannot find the file specified), client: 127.0.0.1, server: localhost, request: "GET /announce?info_hash=%3A%D0%D0ST%DFB%A3l%B4%7F%3B%5D%E9kq%86%1AE%D5&peer_id=-XL0012-%20%91p%81%EA)%5C%3C%1A*%D9%8C&ip=192.168.31.202&port=15000&uploaded=0&downloaded=0&left=1974575981&numwant=200&key=21994&compact=1&event=started HTTP/1.0", host: "i.bandito.org"
2018/01/29 23:01:26 [error] 7552#4516: *48 CreateFile() "E:/Project7/announce" failed (2: The system cannot find the file specified), client: 127.0.0.1, server: localhost, request: "GET /announce?info_hash=%3A%D0%D0ST%DFB%A3l%B4%7F%3B%5D%E9kq%86%1AE%D5&peer_id=-XL0012-%20%91p%81%EA)%5C%3C%1A*%D9%8C&ip=192.168.31.202&port=15000&uploaded=0&downloaded=0&left=1974575981&numwant=200&key=10908&compact=1&event=started HTTP/1.0", host: "tracker.publicbt.com"
2018/01/29 23:01:37 [error] 7552#4516: *49 CreateFile() "E:/Project7/announce" failed (2: The system cannot find the file specified), client: 127.0.0.1, server: localhost, request: "GET /announce?info_hash=*%DE%EB%CEs%89%FAZ%DC8%11%DD%90%F9%BE%09%5E%A2%FD%93&peer_id=-XL0012-%20%91p%81%EA)%5C%3C%1A*%D9%8C&ip=192.168.31.202&port=15000&uploaded=0&downloaded=0&left=24220038752&numwant=200&key=30349&compact=1&event=started HTTP/1.0", host: "i.bandito.org"
2018/01/29 23:01:41 [error] 7552#4516: *50 CreateFile() "E:/Project7/announce" failed (2: The system cannot find the file specified), client: 127.0.0.1, server: localhost, request: "GET /announce?info_hash=M%A41(%2B%C8H%9C%9A%F1!%3Dm%D0%DE%E6%F1%3D%CE%93&peer_id=-XL0012-%20%91p%81%EA)%5C%3C%1A*%D9%8C&ip=192.168.31.202&port=15000&uploaded=0&downloaded=0&left=3612216294&numwant=200&key=31870&compact=1&event=started HTTP/1.0", host: "10.rarbg.com"
2018/01/30 01:09:14 [error] 7552#4516: *51 CreateFile() "E:/Project7/tracker/tracker.php" failed (3: The system cannot find the path specified), client: 127.0.0.1, server: localhost, request: "GET /tracker/tracker.php?info_hash=%E1!%16%3E%FB%F6%40%D8%D1v%F4%1Cn%04%C3%B4zX%A2n&peer_id=-XL0012-%20%91p%81%EA)%5C%3C%1A*%D9%8C&ip=192.168.31.202&port=15000&uploaded=0&downloaded=0&left=1034471473&numwant=200&key=27053&compact=1&event=started HTTP/1.0", host: "warboyopen.wagoo2.com"
2018/01/30 01:09:21 [error] 7552#4516: *52 CreateFile() "E:/Project7/tracker/tracker.php" failed (3: The system cannot find the path specified), client: 127.0.0.1, server: localhost, request: "GET /tracker/tracker.php?info_hash=%E1!%16%3E%FB%F6%40%D8%D1v%F4%1Cn%04%C3%B4zX%A2n&peer_id=-XL0012-%20%91p%81%EA)%5C%3C%1A*%D9%8C&ip=192.168.31.202&port=15000&uploaded=0&downloaded=608185004&left=426286469&numwant=200&key=4996&compact=1&event=started HTTP/1.0", host: "warboyopen.wagoo2.com"
2018/02/02 21:59:29 [error] 7532#7224: *1 CreateFile() "E:/Project7/favicon.ico" failed (2: The system cannot find the file specified), client: 127.0.0.1, server: localhost, request: "GET /favicon.ico HTTP/1.1", host: "localhost", referrer: "http://localhost/"
2018/02/02 23:16:19 [error] 7532#7224: *13 directory index of "E:/Project7/" is forbidden, client: 127.0.0.1, server: localhost, request: "POST / HTTP/1.1", host: "master.test.dphub.sandai.net:80"
2018/02/02 23:17:35 [error] 7532#7224: *14 directory index of "E:/Project7/" is forbidden, client: 127.0.0.1, server: localhost, request: "POST / HTTP/1.1", host: "master.test.dphub.sandai.net:80"
2018/02/03 13:38:18 [error] 7532#7224: *15 directory index of "E:/Project7/" is forbidden, client: 127.0.0.1, server: localhost, request: "POST / HTTP/1.1", host: "master.test.dphub.sandai.net:80"
2018/02/03 13:42:30 [error] 7532#7224: *16 CreateFile() "E:/Project7/announce" failed (2: The system cannot find the file specified), client: 127.0.0.1, server: localhost, request: "GET /announce?info_hash=M%A41(%2B%C8H%9C%9A%F1!%3Dm%D0%DE%E6%F1%3D%CE%93&peer_id=-XL0012-%DF%95l%DF%18%B1%80UWE%D9Z&ip=192.168.31.202&port=15000&uploaded=0&downloaded=0&left=3612216294&numwant=200&key=22648&compact=1&event=started HTTP/1.0", host: "10.rarbg.com"
2018/02/03 13:42:30 [error] 7532#7224: *17 CreateFile() "E:/Project7/announce" failed (2: The system cannot find the file specified), client: 127.0.0.1, server: localhost, request: "GET /announce?info_hash=M%A41(%2B%C8H%9C%9A%F1!%3Dm%D0%DE%E6%F1%3D%CE%93&peer_id=-XL0012-%DF%95l%DF%18%B1%80UWE%D9Z&ip=192.168.31.202&port=15000&uploaded=0&downloaded=0&left=3612216294&numwant=200&key=2043&compact=1&event=started HTTP/1.0", host: "tracker.publicbt.com"
2018/02/03 13:42:31 [error] 7532#7224: *18 CreateFile() "E:/Project7/announce" failed (2: The system cannot find the file specified), client: 127.0.0.1, server: localhost, request: "GET /announce?info_hash=M%A41(%2B%C8H%9C%9A%F1!%3Dm%D0%DE%E6%F1%3D%CE%93&peer_id=-XL0012-%DF%95l%DF%18%B1%80UWE%D9Z&ip=192.168.31.202&port=15000&uploaded=0&downloaded=823154589&left=2789061705&numwant=200&key=1720&compact=1&event=started HTTP/1.0", host: "10.rarbg.com"
2018/02/03 13:42:37 [error] 7532#7224: *19 CreateFile() "E:/Project7/announce" failed (2: The system cannot find the file specified), client: 127.0.0.1, server: localhost, request: "GET /announce?info_hash=W%CD%EFb%A01GR%E0%A3%20C%00%97%14%1C%81%8A%00%07&peer_id=-XL0012-%DF%95l%DF%18%B1%80UWE%D9Z&ip=192.168.31.202&port=15000&uploaded=0&downloaded=0&left=21527819872&numwant=200&key=11535&compact=1&event=started HTTP/1.0", host: "i.bandito.org"
2018/02/03 13:42:40 [error] 7532#7224: *20 CreateFile() "E:/Project7/tracker/tracker.php" failed (3: The system cannot find the path specified), client: 127.0.0.1, server: localhost, request: "GET /tracker/tracker.php?info_hash=%E1!%16%3E%FB%F6%40%D8%D1v%F4%1Cn%04%C3%B4zX%A2n&peer_id=-XL0012-%DF%95l%DF%18%B1%80UWE%D9Z&ip=192.168.31.202&port=15000&uploaded=0&downloaded=0&left=1034471473&numwant=200&key=27259&compact=1&event=started HTTP/1.0", host: "warboyopen.wagoo2.com"
2018/02/03 13:42:41 [error] 7532#7224: *21 CreateFile() "E:/Project7/announce" failed (2: The system cannot find the file specified), client: 127.0.0.1, server: localhost, request: "GET /announce?info_hash=%EE%04%0FS%E2j%B2m%1D3%02%10I%B1%A8%95%A9%D1~%9C&peer_id=-XL0012-%DF%95l%DF%18%B1%80UWE%D9Z&ip=192.168.31.202&port=15000&uploaded=0&downloaded=0&left=24014321248&numwant=200&key=20384&compact=1&event=started HTTP/1.0", host: "i.bandito.org"
2018/02/03 13:42:43 [error] 7532#7224: *22 CreateFile() "E:/Project7/announce" failed (2: The system cannot find the file specified), client: 127.0.0.1, server: localhost, request: "GET /announce?info_hash=%EE%D7%3Ae%E8%B8%A8%A8v%C8%DBB%F4%FF%23%9B%9A%F4%CD%E1&peer_id=-XL0012-%DF%95l%DF%18%B1%80UWE%D9Z&ip=192.168.31.202&port=15000&uploaded=0&downloaded=0&left=3532401158&numwant=200&key=16193&compact=1&event=started HTTP/1.0", host: "i.bandito.org"
2018/02/03 13:42:48 [error] 7532#7224: *23 CreateFile() "E:/Project7/announce" failed (2: The system cannot find the file specified), client: 127.0.0.1, server: localhost, request: "GET /announce?info_hash=*%DE%EB%CEs%89%FAZ%DC8%11%DD%90%F9%BE%09%5E%A2%FD%93&peer_id=-XL0012-%DF%95l%DF%18%B1%80UWE%D9Z&ip=192.168.31.202&port=15000&uploaded=0&downloaded=0&left=24220038752&numwant=200&key=24372&compact=1&event=started HTTP/1.0", host: "i.bandito.org"
2018/02/03 13:42:52 [error] 7532#7224: *24 CreateFile() "E:/Project7/announce" failed (2: The system cannot find the file specified), client: 127.0.0.1, server: localhost, request: "GET /announce?info_hash=t%ABf%14T%C0%C4%A0%FD%20h%F0%E8%C8%D7%11%A0%83%8EJ&peer_id=-XL0012-%DF%95l%DF%18%B1%80UWE%D9Z&ip=192.168.31.202&port=15000&uploaded=0&downloaded=0&left=23845303904&numwant=200&key=1645&compact=1&event=started HTTP/1.0", host: "i.bandito.org"
2018/02/03 13:42:52 [error] 7532#7224: *25 CreateFile() "E:/Project7/announce" failed (2: The system cannot find the file specified), client: 127.0.0.1, server: localhost, request: "GET /announce?info_hash=%04%FEP%E0A%5E%E1%DEA%00%CA%BA%00%DC%02%22%2C%D6%D9_&peer_id=-XL0012-%DF%95l%DF%18%B1%80UWE%D9Z&ip=192.168.31.202&port=15000&uploaded=0&downloaded=0&left=24700286560&numwant=200&key=20373&compact=1&event=started HTTP/1.0", host: "i.bandito.org"
2018/02/03 18:04:26 [error] 7532#7224: *50 directory index of "E:/Project7/" is forbidden, client: 127.0.0.1, server: localhost, request: "POST / HTTP/1.1", host: "master.test.dphub.sandai.net:80"
2018/02/03 18:04:28 [error] 7532#7224: *51 CreateFile() "E:/Project7/tracker/tracker.php" failed (3: The system cannot find the path specified), client: 127.0.0.1, server: localhost, request: "GET /tracker/tracker.php?info_hash=%E1!%16%3E%FB%F6%40%D8%D1v%F4%1Cn%04%C3%B4zX%A2n&peer_id=-XL0012-I%ED%8B%25%27ls%CBu%D4CP&ip=192.168.1.200&port=15000&uploaded=0&downloaded=0&left=1034471473&numwant=200&key=19414&compact=1&event=started HTTP/1.0", host: "warboyopen.wagoo2.com"
2018/02/03 18:04:33 [error] 7532#7224: *52 CreateFile() "E:/Project7/announce" failed (2: The system cannot find the file specified), client: 127.0.0.1, server: localhost, request: "GET /announce?info_hash=%EE%D7%3Ae%E8%B8%A8%A8v%C8%DBB%F4%FF%23%9B%9A%F4%CD%E1&peer_id=-XL0012-I%ED%8B%25%27ls%CBu%D4CP&ip=192.168.1.200&port=15000&uploaded=0&downloaded=0&left=3532401158&numwant=200&key=28802&compact=1&event=started HTTP/1.0", host: "i.bandito.org"
2018/02/03 18:04:37 [error] 7532#7224: *53 CreateFile() "E:/Project7/announce" failed (2: The system cannot find the file specified), client: 127.0.0.1, server: localhost, request: "GET /announce?info_hash=t%ABf%14T%C0%C4%A0%FD%20h%F0%E8%C8%D7%11%A0%83%8EJ&peer_id=-XL0012-I%ED%8B%25%27ls%CBu%D4CP&ip=192.168.1.200&port=15000&uploaded=0&downloaded=0&left=23845303904&numwant=200&key=7549&compact=1&event=started HTTP/1.0", host: "i.bandito.org"
2018/02/03 18:04:37 [error] 7532#7224: *54 CreateFile() "E:/Project7/announce" failed (2: The system cannot find the file specified), client: 127.0.0.1, server: localhost, request: "GET /announce?info_hash=*%DE%EB%CEs%89%FAZ%DC8%11%DD%90%F9%BE%09%5E%A2%FD%93&peer_id=-XL0012-I%ED%8B%25%27ls%CBu%D4CP&ip=192.168.1.200&port=15000&uploaded=0&downloaded=0&left=24220038752&numwant=200&key=7554&compact=1&event=started HTTP/1.0", host: "i.bandito.org"
2018/02/03 18:04:39 [error] 7532#7224: *55 CreateFile() "E:/Project7/announce" failed (2: The system cannot find the file specified), client: 127.0.0.1, server: localhost, request: "GET /announce?info_hash=%04%FEP%E0A%5E%E1%DEA%00%CA%BA%00%DC%02%22%2C%D6%D9_&peer_id=-XL0012-I%ED%8B%25%27ls%CBu%D4CP&ip=192.168.1.200&port=15000&uploaded=0&downloaded=0&left=24700286560&numwant=200&key=15691&compact=1&event=started HTTP/1.0", host: "i.bandito.org"
2018/02/03 18:04:39 [error] 7532#7224: *56 CreateFile() "E:/Project7/announce" failed (2: The system cannot find the file specified), client: 127.0.0.1, server: localhost, request: "GET /announce?info_hash=W%CD%EFb%A01GR%E0%A3%20C%00%97%14%1C%81%8A%00%07&peer_id=-XL0012-I%ED%8B%25%27ls%CBu%D4CP&ip=192.168.1.200&port=15000&uploaded=0&downloaded=0&left=21527819872&numwant=200&key=7603&compact=1&event=started HTTP/1.0", host: "i.bandito.org"
2018/02/03 18:04:56 [error] 7532#7224: *57 CreateFile() "E:/Project7/announce" failed (2: The system cannot find the file specified), client: 127.0.0.1, server: localhost, request: "GET /announce?info_hash=E%89%25%8B%89%20%9AZ%16%404%0Bt%0D%8Ek%AB%EE%AB%84&peer_id=-XL0012-I%ED%8B%25%27ls%CBu%D4CP&ip=192.168.1.200&port=15000&uploaded=0&downloaded=0&left=3533929196&numwant=200&key=3795&compact=1&event=started HTTP/1.0", host: "i.bandito.org"
2018/02/03 18:04:56 [error] 7532#7224: *58 CreateFile() "E:/Project7/announce" failed (2: The system cannot find the file specified), client: 127.0.0.1, server: localhost, request: "GET /announce?info_hash=%04%FEP%E0A%5E%E1%DEA%00%CA%BA%00%DC%02%22%2C%D6%D9_&peer_id=-XL0012-I%ED%8B%25%27ls%CBu%D4CP&ip=192.168.1.200&port=15000&uploaded=0&downloaded=726463849&left=23973822711&numwant=200&key=4069&compact=1&event=started HTTP/1.0", host: "i.bandito.org"
2018/02/03 18:04:56 [error] 7532#7224: *59 CreateFile() "E:/Project7/announce" failed (2: The system cannot find the file specified), client: 127.0.0.1, server: localhost, request: "GET /announce?info_hash=M%A41(%2B%C8H%9C%9A%F1!%3Dm%D0%DE%E6%F1%3D%CE%93&peer_id=-XL0012-I%ED%8B%25%27ls%CBu%D4CP&ip=192.168.1.200&port=15000&uploaded=0&downloaded=0&left=3612216294&numwant=200&key=9595&compact=1&event=started HTTP/1.0", host: "10.rarbg.com"
2018/02/03 19:50:20 [error] 7532#7224: *60 CreateFile() "E:/Project7/favicon.ico" failed (2: The system cannot find the file specified), client: 127.0.0.1, server: localhost, request: "GET /favicon.ico HTTP/1.1", host: "localhost", referrer: "http://localhost/"
2018/02/03 21:08:16 [error] 7532#7224: *112 CreateFile() "E:/Project7/favicon.ico" failed (2: The system cannot find the file specified), client: 127.0.0.1, server: localhost, request: "GET /favicon.ico HTTP/1.1", host: "localhost"
2018/02/09 20:27:09 [error] 3508#7192: *1 CreateFile() "E:/Project7/favicon.ico" failed (2: The system cannot find the file specified), client: 127.0.0.1, server: localhost, request: "GET /favicon.ico HTTP/1.1", host: "localhost"
2018/02/09 20:33:41 [error] 3508#7192: *2 directory index of "E:/Project7/" is forbidden, client: 127.0.0.1, server: localhost, request: "POST / HTTP/1.1", host: "master.test.dphub.sandai.net:80"
2018/02/09 21:02:45 [error] 3508#7192: *25 directory index of "E:/Project7/" is forbidden, client: 127.0.0.1, server: localhost, request: "POST / HTTP/1.1", host: "master.test.dphub.sandai.net:80"
2018/02/09 21:39:25 [error] 3508#7192: *78 CreateFile() "E:/Project7/favicon.ico" failed (2: The system cannot find the file specified), client: 127.0.0.1, server: localhost, request: "GET /favicon.ico HTTP/1.1", host: "localhost", referrer: "http://localhost/"
2018/02/09 21:40:16 [error] 3508#7192: *80 CreateFile() "E:/Project7/favicon.ico" failed (2: The system cannot find the file specified), client: 127.0.0.1, server: localhost, request: "GET /favicon.ico HTTP/1.1", host: "localhost", referrer: "http://localhost/"
2018/02/09 21:43:51 [error] 3508#7192: *84 CreateFile() "E:/Project7/favicon.ico" failed (2: The system cannot find the file specified), client: 127.0.0.1, server: localhost, request: "GET /favicon.ico HTTP/1.1", host: "localhost"
2018/02/09 21:56:21 [error] 3508#7192: *102 directory index of "E:/Project7/" is forbidden, client: 127.0.0.1, server: localhost, request: "POST / HTTP/1.1", host: "master.test.dphub.sandai.net:80"
2018/02/09 23:30:57 [error] 3508#7192: *119 CreateFile() "E:/Project7/announce" failed (2: The system cannot find the file specified), client: 127.0.0.1, server: localhost, request: "GET /announce?info_hash=%04%FEP%E0A%5E%E1%DEA%00%CA%BA%00%DC%02%22%2C%D6%D9_&peer_id=-XL0012-%96%F4%CA%F8%AA%CBT%D1%D1%3E%CF%AF&ip=192.168.31.202&port=15000&uploaded=0&downloaded=0&left=24700286560&numwant=200&key=23988&compact=1&event=started HTTP/1.0", host: "i.bandito.org"
2018/02/09 23:31:03 [error] 3508#7192: *120 CreateFile() "E:/Project7/announce" failed (2: The system cannot find the file specified), client: 127.0.0.1, server: localhost, request: "GET /announce?info_hash=%EE%04%0FS%E2j%B2m%1D3%02%10I%B1%A8%95%A9%D1~%9C&peer_id=-XL0012-%96%F4%CA%F8%AA%CBT%D1%D1%3E%CF%AF&ip=192.168.31.202&port=15000&uploaded=0&downloaded=0&left=24014321248&numwant=200&key=15887&compact=1&event=started HTTP/1.0", host: "i.bandito.org"
2018/02/09 23:31:13 [error] 3508#7192: *121 CreateFile() "E:/Project7/announce" failed (2: The system cannot find the file specified), client: 127.0.0.1, server: localhost, request: "GET /announce?info_hash=t%ABf%14T%C0%C4%A0%FD%20h%F0%E8%C8%D7%11%A0%83%8EJ&peer_id=-XL0012-%96%F4%CA%F8%AA%CBT%D1%D1%3E%CF%AF&ip=192.168.31.202&port=15000&uploaded=0&downloaded=0&left=23845303904&numwant=200&key=26973&compact=1&event=started HTTP/1.0", host: "i.bandito.org"
2018/02/09 23:31:14 [error] 3508#7192: *122 CreateFile() "E:/Project7/announce" failed (2: The system cannot find the file specified), client: 127.0.0.1, server: localhost, request: "GET /announce?info_hash=*%DE%EB%CEs%89%FAZ%DC8%11%DD%90%F9%BE%09%5E%A2%FD%93&peer_id=-XL0012-%96%F4%CA%F8%AA%CBT%D1%D1%3E%CF%AF&ip=192.168.31.202&port=15000&uploaded=0&downloaded=0&left=24220038752&numwant=200&key=4981&compact=1&event=started HTTP/1.0", host: "i.bandito.org"
2018/03/08 21:38:58 [error] 5296#4028: *1 CreateFile() "E:/Project7/asam/dist/favicon.ico" failed (2: The system cannot find the file specified), client: 127.0.0.1, server: localhost, request: "GET /favicon.ico HTTP/1.1", host: "localhost"
2018/03/08 21:39:44 [notice] 4736#5012: signal process started
2018/03/08 21:40:00 [error] 2740#6972: *2 "E:\project7\asam\tool\nginx-1.13.0/../../asam/dist/demo.html" is not found (3: The system cannot find the path specified), client: 127.0.0.1, server: localhost, request: "GET / HTTP/1.1", host: "localhost"
2018/03/08 21:40:55 [notice] 7240#8768: signal process started
2018/03/08 21:46:24 [notice] 2824#1176: signal process started
